// Jest Snapshot v1, https://goo.gl/fbAQLP

exports[`renders 1`] = `
<div
  className="sc-bdvvtL iFXxYf"
>
  <div
    className="sc-gsDKAQ cBRjej"
  >
     
    
     
  </div>
  <div
    className="sc-dkPtRN dexYUn"
  >
     
  </div>
  <div
    className="sc-hKwDye eOYXdr"
  >
    Price - 
     
  </div>
</div>
`;
