// Jest Snapshot v1, https://goo.gl/fbAQLP

exports[`renders 1`] = `
<div
  className="sc-bdvvtL ieGUHk"
>
  <div
    className="sc-iCfMLu gYJOav"
  />
  <div
    className="sc-gsDKAQ gGoBBq"
  >
     
    
     
  </div>
  <div
    className="sc-hKwDye jAYmyr"
  >
     
  </div>
  <div
    className="sc-dkPtRN cgynxk"
  >
    <div
      className="sc-hKwDye sc-eCImPb jAYmyr guOTQf"
    >
       % 
    </div>
    <div
      className="sc-hKwDye sc-gKclnd jAYmyr jPnTxo"
    >
      - No data - 
       
    </div>
  </div>
  <div
    className="sc-jRQBWg fYXUcB"
  >
     $
  </div>
</div>
`;
